INFO: plugin.py:123: Starting _run_steps...
INFO: plugin.py:127: Loaded board: PlaiKeyboard.kicad_pcb
INFO: plugin.py:134: Freerouting jar configured at: jar/freerouting-2.3.0.jar
INFO: plugin.py:163: Progress dialog displayed.
INFO: plugin.py:179: Background thread checking Java and JSON/API availability...
INFO: java_utils.py:118: Found Java in system PATH (/usr/bin/java).
INFO: plugin.py:188: Java version check: ok=True, path=/usr/bin/java
INFO: plugin.py:240: === Routing mode: DSN (default) ===
INFO: plugin.py:473: Executing DSN stages...
INFO: router_dsn.py:101: Exporting board to DSN via pcbnew.ExportSpecctraDSN...
INFO: router_dsn.py:103: Trying standard pcbnew.ExportSpecctraDSN(filename)...
INFO: router_dsn.py:117: DSN export succeeded.
INFO: router_dsn.py:125: Sanitizing exported DSN file...
INFO: router_dsn.py:135: Sanitization complete.
INFO: router_dsn.py:92: Saved debug input DSN to: /var/folders/2n/cysnssfj56x9zrx4ydppksx40000gn/T/freerouting/kicad/freerouting_input_board.dsn
INFO: router_dsn.py:153: Built DSN routing command: /usr/bin/java -jar /Users/romans/Documents/KiCad/10.0/3rdparty/plugins/app_freerouting_kicad-plugin/jar/freerouting-2.3.0.jar -de /Users/romans/Keyboard/PCB/freerouting.dsn -do /Users/romans/Keyboard/PCB/freerouting.ses -host KiCad --logging.file.location=/var/folders/2n/cysnssfj56x9zrx4ydppksx40000gn/T/freerouting/kicad
WARNING: plugin.py:504: Routing cancelled by user.
INFO: plugin.py:494: ProcessThread completed. Terminating dialog...
INFO: plugin.py:291: Destroying ProcessDialog before applying results.
INFO: plugin.py:317: Routing finished: success=False, cancelled=True
